00 2019-11-25 18:31:38
00 2019-11-25 18:31:38
00 2019-11-25 18:31:38
00 2019-11-25 18:31:38
00 2019-11-25 18:31:38
00 2019-11-25 18:31:38
00 2019-11-25 18:31:38
00 2019-11-25 18:31:38
00 2019-11-25 18:31:38
00 2019-11-25 18:31:38
00 2019-11-25 18:31:38
00 2019-11-25 18:31:38
00 2019-11-25 18:31:38
00 2019-11-25 18:31:38
00 2019-11-25 18:31:38
00 2019-11-25 18:31:38
00 2019-11-25 18:31:38
00 2019-11-25 18:31:38
00 2019-11-25 18:31:38
00 2019-11-25 18:31:38
00 2019-11-25 18:31:38
00 2019-11-25 18:31:38
00 2019-11-25 18:31:38
00 2019-11-25 18:31:38
00 2019-11-25 18:31:38
00 2019-11-25 18:31:38
00 2019-11-25 18:31:38
00 2019-11-25 18:31:38
00 2019-11-25 18:31:38
00 2019-11-25 18:31:38
00 2019-11-25 18:31:38
00 2019-11-25 18:31:38
00 2019-11-25 18:31:38
00 2019-11-25 18:31:38
00 2019-11-25 18:31:38
00 2019-11-25 18:31:38
00 2019-11-25 18:31:38
00 2019-11-25 18:31:38
00 2019-11-25 18:31:38
00 2019-11-25 18:31:38
00 2019-11-25 18:31:38
00 2019-11-25 18:31:38
00 2019-11-25 18:31:38
00 2019-11-25 18:31:38
00 2019-11-25 18:31:38
00 2019-11-25 18:31:38
00 2019-11-25 18:31:38
00 2019-11-25 18:31:38
00 2019-11-25 18:31:38
00 2019-11-25 18:31:38
00 2019-11-25 18:31:38
00 2019-11-25 18:31:38
00 2019-11-25 18:31:38
00 2019-11-25 18:31:38
00 2019-11-25 18:31:38
00 2019-11-25 18:31:38
00 2019-11-25 18:31:38
00 2019-11-25 18:31:38
00 2019-11-25 18:31:38
00 2019-11-25 18:31:38
00 2019-11-25 18:31:38
00 2019-11-25 18:31:38
00 2019-11-25 18:31:38
00 2019-11-25 18:31:38
00 2019-11-25 18:31:38
00 2019-11-25 18:31:38
00 2019-11-25 18:31:38
00 2019-11-25 18:31:38
00 2019-11-25 18:31:38
00 2019-11-25 18:31:38
00 2019-11-25 18:31:38
00 2019-11-25 18:31:38
00 2019-11-25 18:31:38
00 2019-11-25 18:31:38
00 2019-11-25 18:31:38
00 2019-11-25 18:31:38
00 2019-11-25 18:31:38
00 2019-11-25 18:31:38
00 2019-11-25 18:31:38
00 2019-11-25 18:31:38
00 2019-11-25 18:31:38
00 2019-11-25 18:31:38
00 2019-11-25 18:31:38
00 2019-11-25 18:31:38
00 2019-11-25 18:31:38
00 2019-11-25 18:31:38
00 2019-11-25 18:31:38
00 2019-11-25 18:31:38
00 2019-11-25 18:31:38
00 2019-11-25 18:31:38
00 2019-11-25 18:31:38
00 2019-11-25 18:31:38
00 2019-11-25 18:31:38
00 2019-11-25 18:31:38
00 2019-11-25 18:31:38
00 2019-11-25 18:31:38
00 2019-11-25 18:31:38
00 2019-11-25 18:31:38
00 2019-11-25 18:31:38
00 2019-11-25 18:31:38
00 2019-11-25 18:31:38
00 2019-11-25 18:31:38
00 2019-11-25 18:31:38
00 2019-11-25 18:31:38
00 2019-11-25 18:31:38
00 2019-11-25 18:31:38
00 2019-11-25 18:31:38
00 2019-11-25 18:31:38
00 2019-11-25 18:31:38
00 2019-11-25 18:31:38
00 2019-11-25 18:31:38


